Outputting create query:

CREATE TABLE user (id INTEGER NOT NULL, name VARCHAR(255) NOT NULL, PRIMARY KEY(id))
